// Jest Snapshot v1, https://goo.gl/fbAQLP

exports[`LoginForm matches snapshot 1`] = `
<form
  action="/"
  className=""
  method="post"
  onSubmit={[Function]}
>
  <div>
    <div
      className=""
    >
      <label
        htmlFor="email"
      >
        LoginForm.emailLabel
      </label>
      <input
        autoComplete="email"
        className=""
        id="email"
        name="email"
        onBlur={[Function]}
        onChange={[Function]}
        onFocus={[Function]}
        placeholder="LoginForm.emailPlaceholder"
        type="email"
        value=""
      />
    </div>
    <div
      className=""
    >
      <label
        htmlFor="password"
      >
        LoginForm.passwordLabel
      </label>
      <input
        autoComplete="current-password"
        className=""
        id="password"
        name="password"
        onBlur={[Function]}
        onChange={[Function]}
        onFocus={[Function]}
        placeholder="LoginForm.passwordPlaceholder"
        type="password"
        value=""
      />
    </div>
  </div>
  <div>
    <p>
      <span>
        <span>
          LoginForm.forgotPasswordInfo
        </span>
      </span>
    </p>
    <button
      className=""
      disabled={true}
      type="submit"
    >
      <span>
        LoginForm.logIn
      </span>
    </button>
  </div>
</form>
`;
