// Jest Snapshot v1, https://goo.gl/fbAQLP

exports[`ContactDetailsPage matches snapshot 1`] = `
<Page
  scrollingDisabled={false}
  title="PasswordRecoveryPage.title"
>
  <LayoutSingleColumn
    className={null}
    rootClassName={null}
  >
    <LayoutWrapperTopbar
      className={null}
      rootClassName={null}
    >
      <withRouter(Connect(TopbarContainerComponent)) />
    </LayoutWrapperTopbar>
    <LayoutWrapperMain
      className={null}
      rootClassName={null}
    >
      <div>
        <div>
          <IconKeys
            className={null}
          />
          <h1>
            <FormattedMessage
              id="PasswordRecoveryPage.forgotPasswordTitle"
              values={Object {}}
            />
          </h1>
          <p>
            <FormattedMessage
              id="PasswordRecoveryPage.forgotPasswordMessage"
              values={Object {}}
            />
          </p>
          <PasswordRecoveryForm
            inProgress={false}
            initialValues={
              Object {
                "email": null,
              }
            }
            onChange={[Function]}
            onSubmit={[Function]}
            recoveryError={null}
          />
        </div>
      </div>
    </LayoutWrapperMain>
    <LayoutWrapperFooter
      className={null}
      rootClassName={null}
    >
      <injectIntl(Footer) />
    </LayoutWrapperFooter>
  </LayoutSingleColumn>
</Page>
`;
