// Jest Snapshot v1, https://goo.gl/fbAQLP

exports[`PasswordChangePage matches snapshot 1`] = `
<Page
  scrollingDisabled={false}
  title="PasswordChangePage.title"
>
  <LayoutSideNavigation
    className={null}
    containerClassName={null}
    rootClassName={null}
  >
    <LayoutWrapperTopbar
      className={null}
      rootClassName={null}
    >
      <withRouter(Connect(TopbarContainerComponent))
        currentPage="PasswordChangePage"
      />
      <UserNav
        className={null}
        rootClassName={null}
        selectedPageName="PasswordChangePage"
      />
    </LayoutWrapperTopbar>
    <withViewport(LayoutWrapperAccountSettingsSideNavComponent)
      currentTab="PasswordChangePage"
    />
    <LayoutWrapperMain
      className={null}
      rootClassName={null}
    >
      <div>
        <h1>
          <FormattedMessage
            id="PasswordChangePage.heading"
            values={Object {}}
          />
        </h1>
        <PasswordChangeForm
          changePasswordError={null}
          currentUser={
            Object {
              "attributes": Object {
                "banned": false,
                "deleted": false,
                "email": "user1@example.com",
                "emailVerified": true,
                "profile": Object {
                  "abbreviatedName": "user1 abbreviated name",
                  "displayName": "user1 display name",
                  "firstName": "user1 first name",
                  "lastName": "user1 last name",
                },
              },
              "id": UUID {
                "_sdkType": "UUID",
                "uuid": "user1",
              },
              "type": "currentUser",
            }
          }
          inProgress={false}
          onChange={[Function]}
          onSubmit={[Function]}
          ready={false}
        />
      </div>
    </LayoutWrapperMain>
    <LayoutWrapperFooter
      className={null}
      rootClassName={null}
    >
      <injectIntl(Footer) />
    </LayoutWrapperFooter>
  </LayoutSideNavigation>
</Page>
`;
